Date (Note: of the merge = performs the source code review)
Authors (Note: Display Names and Email Addresses, comma-separated)
-Reviewers (Note: Display Names and Email Addresses, comma-separated)
-Merge Request URL
Merge Commit SHA in integration branch
--Component Name ==> repo





